// Bun Snapshot v1, https://bun.sh/docs/test/snapshots

exports[`App fixture rendering renders a stable HUD frame 1`] = `
"╭──────────────────────────────────────────────╮
│ Claude HUD (00:42) ●                         │
│                                              │
│claude-sonnet-4 ⚡  plugins:3 • MCP:1          │
│📁 /Users/jarrod/claude-hud                   │
│Context                                       │
│████████░░░░░░░░░░░░ 42%                      │
│12k used • 16k left█ usage                    │
│                                              │
│                                              │
│Cost (sonnet)                                 │
│12.0k in / 8.0k out                           │
│$0.60 total                                   │
│Context: 2 CLAUDE.md                          │
│                                              │
│Tools (1)                                     │
│✓ Read: README.md (500ms)                     │
│                                              │
│Agents                                        │
│✓ Research (6s)                               │
│Todo                                          │
│[●] Add fixture test coverage                 │
│                                              │
╰──────────────────────────────────────────────╯"
`;
